{"logTime": "0914/022303", "correlationVector":"nDAIyuJY7GMVPxyIqz82Re.1","action":"SyncServerConnectionManagerRequest", "result":"SYNC_SERVER_OK", "context":{"environment":"Prod_southeastasia_prod-s01-065-apac-southeastasia", "migrationStage":"NotStarted", "server":"akswtt00300004j"}}
{"logTime": "0914/022303", "correlationVector":"nDAIyuJY7GMVPxyIqz82Re.2","action":"ProcessGetUpdates", "result":"Done", "context":{"dataType":"Encryption Keys", "deleted":"0", "process_failed_to_decrypt":"0", "process_pending_decryption":"0", "process_success":"1", "total":"1"}}
{"logTime": "0914/022304", "correlationVector":"pUvfcej/pxGh9vxMjO6s1R","action":"SyncServerConnectionManagerRequest", "result":"SYNC_SERVER_OK", "context":{"environment":"", "migrationStage":"", "server":""}}
{"logTime": "0914/022304", "correlationVector":"pUvfcej/pxGh9vxMjO6s1R.0","action":"EncryptionKeysFetcher.DownloadKeys:", "result":"Success", "context":Key count: 9, Last key timestamp: 2026-08-06T15:12:35Z}
{"logTime": "0914/022304", "correlationVector":"pUvfcej/pxGh9vxMjO6s1R.1","action":"EncryptionKeysManager::SetEncryptionKeys:", "result":"Success", "context":Key names[9]:[Q78Q/kqQCnRAO3DKF+WLjDE8BUCi3eS3vVodSxsjjtfYr6vK4CEbSUVWG/eW9iXGy8DehIpgAI4TzmYHIa0RuA==][6uz/0OgAs5OMc1PuQl/yJTwRBGohwh/Vz3Gw1bN6eTVsjjE0xmXT/wK1M12BIov8gcyfYz8OEwyFxnIIaFaIzg==][60BL+ZA9SJJH9jPgFGhWpWbOaX1vQFQauiwE4ayGoW5WbdrnZotbyra66g7vrU9unE87ucDTbNvAuGLIVTkZYg==][HBpaDwbNThaZwTvyWUaMdDVZyOKRAXgKCQFW5zl5658227cNFyqG9Fi7pJc+xkBahtUX3uyaVET+csu//oV52A==][7v/s4PvYRtS5Px+FVPQNEnYB3hy9cXkaPUNDikLsqJHj0yi99y/YiRwZBbK4iV46QLhz0XH5IFFgOCsvcsK5SQ==][0+HRq0IpVRgvY8L6RcoG57k8lLEEzbZS8pT33RV9TOdhmbHDNEdvzovnanvR+W9+zm3BuFj5T69GcvqVXJEDAQ==][bZ+NGodz5UowAIeTwluZvYJjomRRcaJZeBkrCBAlHuMKOQ+0PQWZOd5pgW/p0ABsDh2Ulcz8nLgli2nLRgzhPA==][vbgGT1KTA4yEnwGaFNUfWxx7JyDOWGNsI+TQwUW9QZpSrzvyp1UgYYmSdIdsOBoMTHLTM3O318a9lkSR77C+TA==][76vrHSoD7UfhRsCa8rLVBN/plplAoOUZkQRuuPFVZtxm2BUhCu4C+AKeAWwBaej47YCA2mxlGbSGbll1XVB8cw==]}
{"logTime": "0914/022304", "correlationVector":"pUvfcej/pxGh9vxMjO6s1R.2","action":"EncryptionKeysManager::SetEncryptionKeysWithTimestamps:", "result":"Success", "context":Key timestamps[9]:[2023-08-06T05:53:28Z][2024-02-03T00:15:40Z][2024-08-01T03:20:19Z][2025-01-29T13:52:11Z][2025-07-29T12:51:48Z][2026-01-31T15:03:09Z][2026-01-31T16:03:48Z][2026-07-31T06:28:24Z][2026-08-06T15:12:35Z]}
{"logTime": "0914/022304", "correlationVector":"nDAIyuJY7GMVPxyIqz82Re","action":"Initial GetUpdates", "result":"", "context":Reason: NEW_CLIENT. cV=nDAIyuJY7GMVPxyIqz82Re}
{"logTime": "0914/022304", "correlationVector":"nDAIyuJY7GMVPxyIqz82Re.3","action":"GetUpdates Response", "result":"Success", "context":Received 1 update(s). cV=nDAIyuJY7GMVPxyIqz82Re.0;server=akswtt00300004j;cloudType=Consumer;environment=Prod_southeastasia_prod-s01-065-apac-southeastasia;migrationStage=NotStarted}
{"logTime": "0914/022304", "correlationVector":"uVLL8MAfvjKt3e7ybuMjib","action":"Initial GetUpdates", "result":"", "context":Reason: NEWLY_SUPPORTED_DATATYPE. cV=uVLL8MAfvjKt3e7ybuMjib}
{"logTime": "0914/022305", "correlationVector":"uVLL8MAfvjKt3e7ybuMjib.1","action":"SyncServerConnectionManagerRequest", "result":"SYNC_SERVER_OK", "context":{"environment":"Prod_southeastasia_prod-s01-065-apac-southeastasia", "migrationStage":"NotStarted", "server":"akswtt003000001"}}
{"logTime": "0914/022305", "correlationVector":"uVLL8MAfvjKt3e7ybuMjib.2","action":"ProcessGetUpdates", "result":"Done", "context":{"dataType":"Passwords", "deleted":"0", "process_failed_to_decrypt":"0", "process_pending_decryption":"0", "process_success":"48", "total":"48"}}
{"logTime": "0914/022305", "correlationVector":"uVLL8MAfvjKt3e7ybuMjib.3","action":"ProcessGetUpdates", "result":"Done", "context":{"dataType":"Device Info", "deleted":"0", "process_failed_to_decrypt":"0", "process_pending_decryption":"0", "process_success":"8", "total":"8"}}
{"logTime": "0914/022305", "correlationVector":"uVLL8MAfvjKt3e7ybuMjib.4","action":"GetUpdates Response", "result":"Success", "context":Received 56 update(s). cV=uVLL8MAfvjKt3e7ybuMjib.0;server=akswtt003000001;cloudType=Consumer;environment=Prod_southeastasia_prod-s01-065-apac-southeastasia;migrationStage=NotStarted}
{"logTime": "0914/022305", "correlationVector":"3dn9BatC/jvCiexm8vPBLo","action":"Initial GetUpdates", "result":"", "context":Reason: NEWLY_SUPPORTED_DATATYPE. cV=3dn9BatC/jvCiexm8vPBLo}
{"logTime": "0914/022307", "correlationVector":"3dn9BatC/jvCiexm8vPBLo.1","action":"SyncServerConnectionManagerRequest", "result":"SYNC_SERVER_OK", "context":{"environment":"Prod_southeastasia_prod-s01-064-apac-southeastasia", "migrationStage":"NotStarted", "server":"akswtt00300000j"}}
{"logTime": "0914/022307", "correlationVector":"3dn9BatC/jvCiexm8vPBLo.2","action":"ProcessGetUpdates", "result":"Done", "context":{"dataType":"Bookmarks", "deleted":"0", "process_failed_to_decrypt":"0", "process_pending_decryption":"0", "process_success":"46", "total":"46"}}
{"logTime": "0914/022307", "correlationVector":"3dn9BatC/jvCiexm8vPBLo.3","action":"ProcessGetUpdates", "result":"Done", "context":{"dataType":"Preferences", "deleted":"0", "process_failed_to_decrypt":"0", "process_pending_decryption":"0", "process_success":"83", "total":"83"}}
{"logTime": "0914/022307", "correlationVector":"3dn9BatC/jvCiexm8vPBLo.4","action":"ProcessGetUpdates", "result":"Done", "context":{"dataType":"Autofill", "deleted":"0", "process_failed_to_decrypt":"0", "process_pending_decryption":"0", "process_success":"1", "total":"1"}}
{"logTime": "0914/022307", "correlationVector":"3dn9BatC/jvCiexm8vPBLo.5","action":"ProcessGetUpdates", "result":"Done", "context":{"dataType":"Sessions", "deleted":"120", "process_failed_to_decrypt":"0", "process_pending_decryption":"0", "process_success":"120", "total":"120"}}
{"logTime": "0914/022307", "correlationVector":"3dn9BatC/jvCiexm8vPBLo.6","action":"GetUpdates Response", "result":"Success", "context":Received 250 update(s). cV=3dn9BatC/jvCiexm8vPBLo.0;server=akswtt00300000j;cloudType=Consumer;environment=Prod_southeastasia_prod-s01-064-apac-southeastasia;migrationStage=NotStarted Some updates remain.}
{"logTime": "0914/022307", "correlationVector":"KpU80pMHFmMZtqNJqMf4I0","action":"Initial GetUpdates", "result":"", "context":Reason: NEWLY_SUPPORTED_DATATYPE. cV=KpU80pMHFmMZtqNJqMf4I0}
{"logTime": "0914/022307", "correlationVector":"KpU80pMHFmMZtqNJqMf4I0","action":"SyncServerConnectionManagerRequest", "result":"CONNECTION_UNAVAILABLE", "context":{"error_type":"net_error_code", "error_value":"-3"}}
